42150.862:0144:01a0:trace:seh:NtGetContextThread 0xfffffffe: ebp=12b1fbc8 esp=12b1fbac eip=7bc0b87c cs=0023 ss=002b flags=00000202
42150.862:0144:01a0:trace:seh:NtGetContextThread 0xfffffffe: ds=002b es=002b fs=0063 gs=006b
42150.862:0144:01a0:trace:seh:NtGetContextThread 0xfffffffe: eax=0000009f ebx=00000000 ecx=00000000 edx=00000000 esi=12b1fde0 edi=00000298
42150.862:0144:01a0:trace:seh:NtGetContextThread 0xfffffffe: ebp=12b1fd98 esp=12b1fd2c eip=7bc0ba0c cs=0023 ss=002b flags=00000246
42150.862:0144:01a0:trace:seh:NtGetContextThread 0xfffffffe: ds=002b es=002b fs=0063 gs=006b
42150.864:0144:01a0:trace:seh:NtGetContextThread 0xfffffffe: eax=0000009f ebx=00000000 ecx=00000000 edx=00000000 esi=12b1fde0 edi=00000298
42150.864:0144:01a0:trace:seh:NtGetContextThread 0xfffffffe: ebp=12b1fd98 esp=12b1fd2c eip=7bc0ba0c cs=0023 ss=002b flags=00000246
42150.864:0144:01a0:trace:seh:NtGetContextThread 0xfffffffe: ds=002b es=002b fs=0063 gs=006b
42150.864:0144:01a0:trace:seh:NtGetContextThread 0xfffffffe: eax=0000009f ebx=000025c9 ecx=00000000 edx=00000000 esi=12b1fde0 edi=00000298
42150.864:0144:01a0:trace:seh:NtGetContextThread 0xfffffffe: ebp=12b1fd98 esp=12b1fd2c eip=7bc0ba0c cs=0023 ss=002b flags=00000297
42150.864:0144:01a0:trace:seh:NtGetContextThread 0xfffffffe: ds=002b es=002b fs=0063 gs=006b
42150.864:022c:0240:trace:seh:NtGetContextThread 0xfffffffe: eax=0000009f ebx=ffffffff ecx=00000000 edx=00000000 esi=09a4fdfc edi=000001ec
42150.864:022c:0240:trace:seh:NtGetContextThread 0xfffffffe: ebp=09a4fda8 esp=09a4fd3c eip=7bc0ba0c cs=0023 ss=002b flags=00000246
42150.864:022c:0240:trace:seh:NtGetContextThread 0xfffffffe: ds=002b es=002b fs=0063 gs=006b
42150.865:022c:0240:trace:seh:NtGetContextThread 0xfffffffe: eax=0000009f ebx=00000000 ecx=00000000 edx=00000000 esi=09a4fdfc edi=000001ec
42150.865:022c:0240:trace:seh:NtGetContextThread 0xfffffffe: ebp=09a4fda8 esp=09a4fd3c eip=7bc0ba0c cs=0023 ss=002b flags=00000246
42150.865:022c:0240:trace:seh:NtGetContextThread 0xfffffffe: ds=002b es=002b fs=0063 gs=006b
42150.865:0144:01a0:trace:seh:NtGetContextThread 0xfffffffe: eax=000000de ebx=12c02b50 ecx=00000000 edx=00000000 esi=00000000 edi=00000574
42150.865:0144:01a0:trace:seh:NtGetContextThread 0xfffffffe: ebp=12b1fd48 esp=12b1fcdc eip=7bc0bdfc cs=0023 ss=002b flags=00000246
42150.865:0144:01a0:trace:seh:NtGetContextThread 0xfffffffe: ds=002b es=002b fs=0063 gs=006b
42150.865:022c:0240:trace:seh:NtGetContextThread 0xfffffffe: eax=00000098 ebx=09f20134 ecx=00000000 edx=00000000 esi=00000000 edi=00000058
42150.865:022c:0240:trace:seh:NtGetContextThread 0xfffffffe: ebp=09a4fd78 esp=09a4fd0c eip=7bc0b99c cs=0023 ss=002b flags=00000246
42150.865:022c:0240:trace:seh:NtGetContextThread 0xfffffffe: ds=002b es=002b fs=0063 gs=006b
42150.865:0144:01a0:trace:seh:NtGetContextThread 0xfffffffe: eax=000000de ebx=12c02b50 ecx=00000000 edx=00000000 esi=00000000 edi=00000574
42150.865:0144:01a0:trace:seh:NtGetContextThread 0xfffffffe: ebp=12b1fd48 esp=12b1fcdc eip=7bc0bdfc cs=0023 ss=002b flags=00000246
42150.865:0144:01a0:trace:seh:NtGetContextThread 0xfffffffe: ds=002b es=002b fs=0063 gs=006b
42150.865:022c:0240:trace:seh:NtGetContextThread 0xfffffffe: eax=0000009f ebx=00000000 ecx=00000000 edx=00000000 esi=09a4fdfc edi=000001ec
42150.865:022c:0240:trace:seh:NtGetContextThread 0xfffffffe: ebp=09a4fda8 esp=09a4fd3c eip=7bc0ba0c cs=0023 ss=002b flags=00000246
42150.865:022c:0240:trace:seh:NtGetContextThread 0xfffffffe: ds=002b es=002b fs=0063 gs=006b
42150.865:0144:01a0:trace:seh:NtGetContextThread 0xfffffffe: eax=000000de ebx=12c02b50 ecx=00000000 edx=00000000 esi=00000000 edi=00000574
42150.865:0144:01a0:trace:seh:NtGetContextThread 0xfffffffe: ebp=12b1fd48 esp=12b1fcdc eip=7bc0bdfc cs=0023 ss=002b flags=00000246
42150.865:0144:01a0:trace:seh:NtGetContextThread 0xfffffffe: ds=002b es=002b fs=0063 gs=006b
42150.865:0144:01a0:trace:seh:NtGetContextThread 0xfffffffe: eax=000000de ebx=12c02b50 ecx=00000000 edx=00000000 esi=00000000 edi=00000574
42150.865:0144:01a0:trace:seh:NtGetContextThread 0xfffffffe: ebp=12b1fd48 esp=12b1fcdc eip=7bc0bdfc cs=0023 ss=002b flags=00000246
42150.865:0144:01a0:trace:seh:NtGetContextThread 0xfffffffe: ds=002b es=002b fs=0063 gs=006b
42150.865:0144:01a0:trace:seh:NtGetContextThread 0xfffffffe: eax=000000de ebx=12c02b50 ecx=00000000 edx=00000000 esi=00000000 edi=00000574
42150.865:0144:01a0:trace:seh:NtGetContextThread 0xfffffffe: ebp=12b1fd48 esp=12b1fcdc eip=7bc0bdfc cs=0023 ss=002b flags=00000246
42150.865:0144:01a0:trace:seh:NtGetContextThread 0xfffffffe: ds=002b es=002b fs=0063 gs=006b
42150.865:0144:01a0:trace:seh:NtGetContextThread 0xfffffffe: eax=0000009f ebx=00000000 ecx=00000000 edx=00000000 esi=12b1fde0 edi=00000298
42150.865:0144:01a0:trace:seh:NtGetContextThread 0xfffffffe: ebp=12b1fd98 esp=12b1fd2c eip=7bc0ba0c cs=0023 ss=002b flags=00000246
42150.865:0144:01a0:trace:seh:NtGetContextThread 0xfffffffe: ds=002b es=002b fs=0063 gs=006b
42150.865:0144:01a0:trace:seh:NtGetContextThread 0xfffffffe: eax=0000009f ebx=00000000 ecx=00000000 edx=00000000 esi=12b1fde0 edi=00000298
42150.865:0144:01a0:trace:seh:NtGetContextThread 0xfffffffe: ebp=12b1fd98 esp=12b1fd2c eip=7bc0ba0c cs=0023 ss=002b flags=00000246
42150.865:0144:01a0:trace:seh:NtGetContextThread 0xfffffffe: ds=002b es=002b fs=0063 gs=006b
42150.865:022c:0240:trace:seh:NtGetContextThread 0xfffffffe: eax=000000de ebx=09f20150 ecx=00000000 edx=00000000 esi=00000000 edi=00000058
42150.865:022c:0240:trace:seh:NtGetContextThread 0xfffffffe: ebp=09a4fd68 esp=09a4fcfc eip=7bc0bdfc cs=0023 ss=002b flags=00000246
42150.865:022c:0240:trace:seh:NtGetContextThread 0xfffffffe: ds=002b es=002b fs=0063 gs=006b
42150.865:0144:01a0:trace:seh:NtGetContextThread 0xfffffffe: eax=00000098 ebx=12c02b34 ecx=00000000 edx=00000000 esi=00000000 edi=00000574
42150.865:0144:01a0:trace:seh:NtGetContextThread 0xfffffffe: ebp=12b1fd58 esp=12b1fcec eip=7bc0b99c cs=0023 ss=002b flags=00000246
42150.865:0144:01a0:trace:seh:NtGetContextThread 0xfffffffe: ds=002b es=002b fs=0063 gs=006b
42150.866:022c:0240:trace:seh:NtGetContextThread 0xfffffffe: eax=000000de ebx=09f20150 ecx=00000000 edx=00000000 esi=00000000 edi=00000058
42150.866:022c:0240:trace:seh:NtGetContextThread 0xfffffffe: ebp=09a4fd68 esp=09a4fcfc eip=7bc0bdfc cs=0023 ss=002b flags=00000246
42150.866:022c:0240:trace:seh:NtGetContextThread 0xfffffffe: ds=002b es=002b fs=0063 gs=006b
42150.866:022c:0240:trace:seh:NtGetContextThread 0xfffffffe: eax=000000de ebx=09f20150 ecx=00000000 edx=00000000 esi=00000000 edi=00000058
42150.866:022c:0240:trace:seh:NtGetContextThread 0xfffffffe: ebp=09a4fd68 esp=09a4fcfc eip=7bc0bdfc cs=0023 ss=002b flags=00000246
42150.866:022c:0240:trace:seh:NtGetContextThread 0xfffffffe: ds=002b es=002b fs=0063 gs=006b
42150.866:022c:0240:trace:seh:NtGetContextThread 0xfffffffe: eax=000000de ebx=09f20150 ecx=00000000 edx=00000000 esi=00000000 edi=00000058
42150.866:022c:0240:trace:seh:NtGetContextThread 0xfffffffe: ebp=09a4fd68 esp=09a4fcfc eip=7bc0bdfc cs=0023 ss=002b flags=00000246
42150.866:022c:0240:trace:seh:NtGetContextThread 0xfffffffe: ds=002b es=002b fs=0063 gs=006b
42150.866:022c:0240:trace:seh:NtGetContextThread 0xfffffffe: eax=000000de ebx=09f20150 ecx=00000000 edx=00000000 esi=00000000 edi=00000058
42150.866:022c:0240:trace:seh:NtGetContextThread 0xfffffffe: ebp=09a4fd68 esp=09a4fcfc eip=7bc0bdfc cs=0023 ss=002b flags=00000246
42150.866:022c:0240:trace:seh:NtGetContextThread 0xfffffffe: ds=002b es=002b fs=0063 gs=006b
42150.866:0144:01a0:trace:seh:NtGetContextThread 0xfffffffe: eax=000000de ebx=12c02b50 ecx=00000000 edx=00000000 esi=00000000 edi=00000574
42150.866:0144:01a0:trace:seh:NtGetContextThread 0xfffffffe: ebp=12b1fd48 esp=12b1fcdc eip=7bc0bdfc cs=0023 ss=002b flags=00000246
42150.866:0144:01a0:trace:seh:NtGetContextThread 0xfffffffe: ds=002b es=002b fs=0063 gs=006b
42150.866:022c:0240:trace:seh:NtGetContextThread 0xfffffffe: eax=000000de ebx=09f20150 ecx=00000000 edx=00000000 esi=00000000 edi=00000058
42150.866:022c:0240:trace:seh:NtGetContextThread 0xfffffffe: ebp=09a4fd68 esp=09a4fcfc eip=7bc0bdfc cs=0023 ss=002b flags=00000246
42150.866:022c:0240:trace:seh:NtGetContextThread 0xfffffffe: ds=002b es=002b fs=0063 gs=006b
42150.866:022c:0240:trace:seh:NtGetContextThread 0xfffffffe: eax=000000de ebx=09f20150 ecx=00000000 edx=00000000 esi=00000000 edi=00000058
42150.866:022c:0240:trace:seh:NtGetContextThread 0xfffffffe: ebp=09a4fd68 esp=09a4fcfc eip=7bc0bdfc cs=0023 ss=002b flags=00000246
42150.866:022c:0240:trace:seh:NtGetContextThread 0xfffffffe: ds=002b es=002b fs=0063 gs=006b
42150.866:022c:0240:trace:seh:NtGetContextThread 0xfffffffe: eax=0000009f ebx=00000000 ecx=00000000 edx=00000000 esi=09a4fdfc edi=000001ec
42150.866:022c:0240:trace:seh:NtGetContextThread 0xfffffffe: ebp=09a4fda8 esp=09a4fd3c eip=7bc0ba0c cs=0023 ss=002b flags=00000246
42150.866:022c:0240:trace:seh:NtGetContextThread 0xfffffffe: ds=002b es=002b fs=0063 gs=006b
42150.866:0144:01a0:trace:seh:NtGetContextThread 0xfffffffe: eax=0000009f ebx=00000000 ecx=00000000 edx=00000000 esi=12b1fde0 edi=00000298
42150.866:0144:01a0:trace:seh:NtGetContextThread 0xfffffffe: ebp=12b1fd98 esp=12b1fd2c eip=7bc0ba0c cs=0023 ss=002b flags=00000246
42150.866:0144:01a0:trace:seh:NtGetContextThread 0xfffffffe: ds=002b es=002b fs=0063 gs=006b
42150.867:022c:0240:trace:seh:NtGetContextThread 0xfffffffe: eax=0000009f ebx=00000000 ecx=00000000 edx=00000000 esi=09a4fdfc edi=000001ec
42150.867:022c:0240:trace:seh:NtGetContextThread 0xfffffffe: ebp=09a4fda8 esp=09a4fd3c eip=7bc0ba0c cs=0023 ss=002b flags=00000246
42150.867:022c:0240:trace:seh:NtGetContextThread 0xfffffffe: ds=002b es=002b fs=0063 gs=006b
42150.868:0144:01a0:trace:seh:NtGetContextThread 0xfffffffe: eax=0000009f ebx=00000000 ecx=00000000 edx=00000000 esi=12b1fde0 edi=00000298
42150.868:0144:01a0:trace:seh:NtGetContextThread 0xfffffffe: ebp=12b1fd98 esp=12b1fd2c eip=7bc0ba0c cs=0023 ss=002b flags=00000246
42150.868:0144:01a0:trace:seh:NtGetContextThread 0xfffffffe: ds=002b es=002b fs=0063 gs=006b
42150.869:022c:0240:trace:seh:NtGetContextThread 0xfffffffe: eax=000000de ebx=09f20150 ecx=00000000 edx=00000000 esi=00000000 edi=00000058
42150.869:022c:0240:trace:seh:NtGetContextThread 0xfffffffe: ebp=09a4fd68 esp=09a4fcfc eip=7bc0bdfc cs=0023 ss=002b flags=00000246
42150.869:022c:0240:trace:seh:NtGetContextThread 0xfffffffe: ds=002b es=002b fs=0063 gs=006b
42150.869:0144:01a0:trace:seh:NtGetContextThread 0xfffffffe: eax=0000009f ebx=00000000 ecx=00000000 edx=00000000 esi=12b1fde0 edi=00000298
42150.869:0144:01a0:trace:seh:NtGetContextThread 0xfffffffe: ebp=12b1fd98 esp=12b1fd2c eip=7bc0ba0c cs=0023 ss=002b flags=00000246
42150.869:0144:01a0:trace:seh:NtGetContextThread 0xfffffffe: ds=002b es=002b fs=0063 gs=006b
42150.869:022c:0240:trace:seh:NtGetContextThread 0xfffffffe: eax=0000009f ebx=00000000 ecx=00000000 edx=00000000 esi=09a4fdfc edi=000001ec
42150.869:022c:0240:trace:seh:NtGetContextThread 0xfffffffe: ebp=09a4fda8 esp=09a4fd3c eip=7bc0ba0c cs=0023 ss=002b flags=00000246
42150.869:022c:0240:trace:seh:NtGetContextThread 0xfffffffe: ds=002b es=002b fs=0063 gs=006b
42150.869:022c:0240:trace:seh:NtGetContextThread 0xfffffffe: eax=0000009f ebx=00000000 ecx=00000000 edx=00000000 esi=09a4fdfc edi=000001ec
42150.869:022c:0240:trace:seh:NtGetContextThread 0xfffffffe: ebp=09a4fda8 esp=09a4fd3c eip=7bc0ba0c cs=0023 ss=002b flags=00000246
42150.869:022c:0240:trace:seh:NtGetContextThread 0xfffffffe: ds=002b es=002b fs=0063 gs=006b
42150.869:0144:01a0:trace:seh:NtGetContextThread 0xfffffffe: eax=000000de ebx=12c02b50 ecx=00000000 edx=00000000 esi=00000000 edi=00000574
42150.869:0144:01a0:trace:seh:NtGetContextThread 0xfffffffe: ebp=12b1fd48 esp=12b1fcdc eip=7bc0bdfc cs=0023 ss=002b flags=00000246
42150.869:0144:01a0:trace:seh:NtGetContextThread 0xfffffffe: ds=002b es=002b fs=0063 gs=006b
42150.869:0144:01a0:trace:seh:NtGetContextThread 0xfffffffe: eax=000000de ebx=12c02b50 ecx=00000000 edx=00000000 esi=00000000 edi=00000574
42150.869:0144:01a0:trace:seh:NtGetContextThread 0xfffffffe: ebp=12b1fd48 esp=12b1fcdc eip=7bc0bdfc cs=0023 ss=002b flags=00000246
42150.869:0144:01a0:trace:seh:NtGetContextThread 0xfffffffe: ds=002b es=002b fs=0063 gs=006b
42150.869:0144:01a0:trace:seh:NtGetContextThread 0xfffffffe: eax=000000de ebx=12c02b50 ecx=00000000 edx=00000000 esi=00000000 edi=00000574
42150.869:0144:01a0:trace:seh:NtGetContextThread 0xfffffffe: ebp=12b1fd48 esp=12b1fcdc eip=7bc0bdfc cs=0023 ss=002b flags=00000246
42150.869:0144:01a0:trace:seh:NtGetContextThread 0xfffffffe: ds=002b es=002b fs=0063 gs=006b
42150.869:022c:0240:trace:seh:NtGetContextThread 0xfffffffe: eax=0000009f ebx=00000000 ecx=00000000 edx=00000000 esi=09a4fdfc edi=000001ec
42150.869:022c:0240:trace:seh:NtGetContextThread 0xfffffffe: ebp=09a4fda8 esp=09a4fd3c eip=7bc0ba0c cs=0023 ss=002b flags=00000246
42150.869:022c:0240:trace:seh:NtGetContextThread 0xfffffffe: ds=002b es=002b fs=0063 gs=006b
42150.869:0144:01a0:trace:seh:NtGetContextThread 0xfffffffe: eax=000000de ebx=12c02b50 ecx=00000000 edx=00000000 esi=00000000 edi=00000574
42150.869:0144:01a0:trace:seh:NtGetContextThread 0xfffffffe: ebp=12b1fd48 esp=12b1fcdc eip=7bc0bdfc cs=0023 ss=002b flags=00000246
42150.869:0144:01a0:trace:seh:NtGetContextThread 0xfffffffe: ds=002b es=002b fs=0063 gs=006b
42150.869:022c:0240:trace:seh:NtGetContextThread 0xfffffffe: eax=000000de ebx=09f20150 ecx=00000000 edx=00000000 esi=00000000 edi=00000058
42150.869:022c:0240:trace:seh:NtGetContextThread 0xfffffffe: ebp=09a4fd68 esp=09a4fcfc eip=7bc0bdfc cs=0023 ss=002b flags=00000246
42150.869:022c:0240:trace:seh:NtGetContextThread 0xfffffffe: ds=002b es=002b fs=0063 gs=006b
42150.869:0144:01a0:trace:seh:NtGetContextThread 0xfffffffe: eax=0000009f ebx=000025c4 ecx=00000000 edx=00000000 esi=12b1fde0 edi=00000298
42150.869:0144:01a0:trace:seh:NtGetContextThread 0xfffffffe: ebp=12b1fd98 esp=12b1fd2c eip=7bc0ba0c cs=0023 ss=002b flags=00000297
42150.869:0144:01a0:trace:seh:NtGetContextThread 0xfffffffe: ds=002b es=002b fs=0063 gs=006b
42150.870:022c:0240:trace:seh:NtGetContextThread 0xfffffffe: eax=0000009f ebx=00000000 ecx=00000000 edx=00000000 esi=09a4fdfc edi=000001ec
42150.870:022c:0240:trace:seh:NtGetContextThread 0xfffffffe: ebp=09a4fda8 esp=09a4fd3c eip=7bc0ba0c cs=0023 ss=002b flags=00000246
42150.870:022c:0240:trace:seh:NtGetContextThread 0xfffffffe: ds=002b es=002b fs=0063 gs=006b
42150.870:022c:0240:trace:seh:NtGetContextThread 0xfffffffe: eax=000000de ebx=09f20150 ecx=00000000 edx=00000000 esi=00000000 edi=00000058
42150.870:022c:0240:trace:seh:NtGetContextThread 0xfffffffe: ebp=09a4fd68 esp=09a4fcfc eip=7bc0bdfc cs=0023 ss=002b flags=00000246
42150.870:022c:0240:trace:seh:NtGetContextThread 0xfffffffe: ds=002b es=002b fs=0063 gs=006b
42150.870:0144:01a0:trace:seh:NtGetContextThread 0xfffffffe: eax=0000009f ebx=000025c3 ecx=00000000 edx=00000000 esi=12b1fde0 edi=00000298
42150.870:0144:01a0:trace:seh:NtGetContextThread 0xfffffffe: ebp=12b1fd98 esp=12b1fd2c eip=7bc0ba0c cs=0023 ss=002b flags=00000297
42150.870:0144:01a0:trace:seh:NtGetContextThread 0xfffffffe: ds=002b es=002b fs=0063 gs=006b
42150.870:022c:0240:trace:seh:NtGetContextThread 0xfffffffe: eax=0000009f ebx=00000000 ecx=00000000 edx=00000000 esi=09a4fdfc edi=000001ec
42150.870:022c:0240:trace:seh:NtGetContextThread 0xfffffffe: ebp=09a4fda8 esp=09a4fd3c eip=7bc0ba0c cs=0023 ss=002b flags=00000246
42150.870:022c:0240:trace:seh:NtGetContextThread 0xfffffffe: ds=002b es=002b fs=0063 gs=006b
42150.873:022c:0240:trace:seh:NtGetContextThread 0xfffffffe: eax=0000009f ebx=00000000 ecx=00000000 edx=00000000 esi=09a4fdfc edi=000001ec
42150.873:022c:0240:trace:seh:NtGetContextThread 0xfffffffe: ebp=09a4fda8 esp=09a4fd3c eip=7bc0ba0c cs=0023 ss=002b flags=00000246
42150.873:022c:0240:trace:seh:NtGetContextThread 0xfffffffe: ds=002b es=002b fs=0063 gs=006b
42150.873:0144:01a0:trace:seh:NtGetContextThread 0xfffffffe: eax=0000009f ebx=000025c0 ecx=00000000 edx=00000000 esi=12b1fde0 edi=00000298
42150.873:0144:01a0:trace:seh:NtGetContextThread 0xfffffffe: ebp=12b1fd98 esp=12b1fd2c eip=7bc0ba0c cs=0023 ss=002b flags=00000287
42150.873:0144:01a0:trace:seh:NtGetContextThread 0xfffffffe: ds=002b es=002b fs=0063 gs=006b
42150.874:0144:01a0:trace:seh:NtGetContextThread 0xfffffffe: eax=0000009f ebx=00000000 ecx=00000000 edx=00000000 esi=12b1fde0 edi=00000298
42150.874:0144:01a0:trace:seh:NtGetContextThread 0xfffffffe: ebp=12b1fd98 esp=12b1fd2c eip=7bc0ba0c cs=0023 ss=002b flags=00000246
42150.874:0144:01a0:trace:seh:NtGetContextThread 0xfffffffe: ds=002b es=002b fs=0063 gs=006b
42150.874:022c:0240:trace:seh:NtGetContextThread 0xfffffffe: eax=0000009f ebx=ffffffff ecx=00000000 edx=00000000 esi=09a4fdfc edi=000001ec
42150.874:022c:0240:trace:seh:NtGetContextThread 0xfffffffe: ebp=09a4fda8 esp=09a4fd3c eip=7bc0ba0c cs=0023 ss=002b flags=00000246
42150.874:022c:0240:trace:seh:NtGetContextThread 0xfffffffe: ds=002b es=002b fs=0063 gs=006b
42150.874:0144:01a0:trace:seh:NtGetContextThread 0xfffffffe: eax=000000de ebx=12c02b50 ecx=00000000 edx=00000000 esi=00000000 edi=00000574
42150.874:0144:01a0:trace:seh:NtGetContextThread 0xfffffffe: ebp=12b1fd48 esp=12b1fcdc eip=7bc0bdfc cs=0023 ss=002b flags=00000246
42150.874:0144:01a0:trace:seh:NtGetContextThread 0xfffffffe: ds=002b es=002b fs=0063 gs=006b
42150.874:022c:0240:trace:seh:NtGetContextThread 0xfffffffe: eax=0000009f ebx=00000000 ecx=00000000 edx=00000000 esi=09a4fdfc edi=000001ec
42150.874:022c:0240:trace:seh:NtGetContextThread 0xfffffffe: ebp=09a4fda8 esp=09a4fd3c eip=7bc0ba0c cs=0023 ss=002b flags=00000246
42150.874:022c:0240:trace:seh:NtGetContextThread 0xfffffffe: ds=002b es=002b fs=0063 gs=006b
42150.874:0144:01a0:trace:seh:NtGetContextThread 0xfffffffe: eax=000000de ebx=12c02b50 ecx=00000000 edx=00000000 esi=00000000 edi=00000574
42150.874:0144:01a0:trace:seh:NtGetContextThread 0xfffffffe: ebp=12b1fd48 esp=12b1fcdc eip=7bc0bdfc cs=0023 ss=002b flags=00000246
42150.874:0144:01a0:trace:seh:NtGetContextThread 0xfffffffe: ds=002b es=002b fs=0063 gs=006b
42150.874:022c:0240:trace:seh:NtGetContextThread 0xfffffffe: eax=0000009f ebx=00000000 ecx=00000000 edx=00000000 esi=09a4fdfc edi=000001ec
42150.874:022c:0240:trace:seh:NtGetContextThread 0xfffffffe: ebp=09a4fda8 esp=09a4fd3c eip=7bc0ba0c cs=0023 ss=002b flags=00000246
42150.874:022c:0240:trace:seh:NtGetContextThread 0xfffffffe: ds=002b es=002b fs=0063 gs=006b
42150.875:0144:01a0:trace:seh:NtGetContextThread 0xfffffffe: eax=0000009f ebx=00000000 ecx=00000000 edx=00000000 esi=12b1fde0 edi=00000298
42150.875:0144:01a0:trace:seh:NtGetContextThread 0xfffffffe: ebp=12b1fd98 esp=12b1fd2c eip=7bc0ba0c cs=0023 ss=002b flags=00000246
42150.875:0144:01a0:trace:seh:NtGetContextThread 0xfffffffe: ds=002b es=002b fs=0063 gs=006b
42150.875:022c:0240:trace:seh:NtGetContextThread 0xfffffffe: eax=000000de ebx=09f20150 ecx=00000000 edx=00000000 esi=00000000 edi=00000058
42150.875:022c:0240:trace:seh:NtGetContextThread 0xfffffffe: ebp=09a4fd68 esp=09a4fcfc eip=7bc0bdfc cs=0023 ss=002b flags=00000246
42150.875:022c:0240:trace:seh:NtGetContextThread 0xfffffffe: ds=002b es=002b fs=0063 gs=006b
42150.875:022c:0240:trace:seh:NtGetContextThread 0xfffffffe: eax=0000009f ebx=00000000 ecx=00000000 edx=00000000 esi=09a4fdfc edi=000001ec
42150.875:022c:0240:trace:seh:NtGetContextThread 0xfffffffe: ebp=09a4fda8 esp=09a4fd3c eip=7bc0ba0c cs=0023 ss=002b flags=00000246
42150.875:022c:0240:trace:seh:NtGetContextThread 0xfffffffe: ds=002b es=002b fs=0063 gs=006b
42150.875:0144:01a0:trace:seh:NtGetContextThread 0xfffffffe: eax=0000009f ebx=00000000 ecx=00000000 edx=00000000 esi=12b1fde0 edi=00000298
42150.875:0144:01a0:trace:seh:NtGetContextThread 0xfffffffe: ebp=12b1fd98 esp=12b1fd2c eip=7bc0ba0c cs=0023 ss=002b flags=00000246
42150.875:0144:01a0:trace:seh:NtGetContextThread 0xfffffffe: ds=002b es=002b fs=0063 gs=006b
42150.875:022c:0240:trace:seh:NtGetContextThread 0xfffffffe: eax=0000009f ebx=ffffffff ecx=00000000 edx=00000000 esi=09a4fdfc edi=000001ec
42150.875:022c:0240:trace:seh:NtGetContextThread 0xfffffffe: ebp=09a4fda8 esp=09a4fd3c eip=7bc0ba0c cs=0023 ss=002b flags=00000246
42150.875:022c:0240:trace:seh:NtGetContextThread 0xfffffffe: ds=002b es=002b fs=0063 gs=006b
42150.875:0144:01a0:trace:seh:NtGetContextThread 0xfffffffe: eax=0000009f ebx=00000000 ecx=00000000 edx=00000000 esi=12b1fde0 edi=00000298
42150.875:0144:01a0:trace:seh:NtGetContextThread 0xfffffffe: ebp=12b1fd98 esp=12b1fd2c eip=7bc0ba0c cs=0023 ss=002b flags=00000246
42150.875:0144:01a0:trace:seh:NtGetContextThread 0xfffffffe: ds=002b es=002b fs=0063 gs=006b
42150.876:022c:0240:trace:seh:NtGetContextThread 0xfffffffe: eax=0000009f ebx=ffffffff ecx=00000000 edx=00000000 esi=09a4fdfc edi=000001ec
42150.876:022c:0240:trace:seh:NtGetContextThread 0xfffffffe: ebp=09a4fda8 esp=09a4fd3c eip=7bc0ba0c cs=0023 ss=002b flags=00000246
42150.876:022c:0240:trace:seh:NtGetContextThread 0xfffffffe: ds=002b es=002b fs=0063 gs=006b
42150.876:0144:01a0:trace:seh:NtGetContextThread 0xfffffffe: eax=000000de ebx=12c02b50 ecx=00000000 edx=00000000 esi=00000000 edi=00000574
42150.876:0144:01a0:trace:seh:NtGetContextThread 0xfffffffe: ebp=12b1fd48 esp=12b1fcdc eip=7bc0bdfc cs=0023 ss=002b flags=00000246
42150.876:0144:01a0:trace:seh:NtGetContextThread 0xfffffffe: ds=002b es=002b fs=0063 gs=006b
42150.876:0144:01a0:trace:seh:NtGetContextThread 0xfffffffe: eax=0000009f ebx=00000000 ecx=00000000 edx=00000000 esi=12b1fde0 edi=00000298
42150.876:0144:01a0:trace:seh:NtGetContextThread 0xfffffffe: ebp=12b1fd98 esp=12b1fd2c eip=7bc0ba0c cs=0023 ss=002b flags=00000246
42150.876:0144:01a0:trace:seh:NtGetContextThread 0xfffffffe: ds=002b es=002b fs=0063 gs=006b
42150.897:0144:01a0:trace:seh:NtGetContextThread 0xfffffffe: eax=0000009f ebx=00000000 ecx=00000000 edx=00000000 esi=12b1fde0 edi=00000298
42150.897:0144:01a0:trace:seh:NtGetContextThread 0xfffffffe: ebp=12b1fd98 esp=12b1fd2c eip=7bc0ba0c cs=0023 ss=002b flags=00000246
42150.897:0144:01a0:trace:seh:NtGetContextThread 0xfffffffe: ds=002b es=002b fs=0063 gs=006b
42150.897:022c:0240:trace:seh:NtGetContextThread 0xfffffffe: eax=0000009f ebx=00000000 ecx=00000000 edx=00000000 esi=09a4fdfc edi=000001ec
42150.897:022c:0240:trace:seh:NtGetContextThread 0xfffffffe: ebp=09a4fda8 esp=09a4fd3c eip=7bc0ba0c cs=0023 ss=002b flags=00000246
42150.897:022c:0240:trace:seh:NtGetContextThread 0xfffffffe: ds=002b es=002b fs=0063 gs=006b
42150.897:0144:01a0:trace:seh:NtGetContextThread 0xfffffffe: eax=0000009f ebx=000025a8 ecx=00000000 edx=00000000 esi=12b1fde0 edi=00000298
42150.897:0144:01a0:trace:seh:NtGetContextThread 0xfffffffe: ebp=12b1fd98 esp=12b1fd2c eip=7bc0ba0c cs=0023 ss=002b flags=00000297
42150.897:0144:01a0:trace:seh:NtGetContextThread 0xfffffffe: ds=002b es=002b fs=0063 gs=006b
42150.897:022c:0240:trace:seh:NtGetContextThread 0xfffffffe: eax=0000009f ebx=00000000 ecx=00000000 edx=00000000 esi=09a4fdfc edi=000001ec
42150.897:022c:0240:trace:seh:NtGetContextThread 0xfffffffe: ebp=09a4fda8 esp=09a4fd3c eip=7bc0ba0c cs=0023 ss=002b flags=00000246
42150.897:022c:0240:trace:seh:NtGetContextThread 0xfffffffe: ds=002b es=002b fs=0063 gs=006b
42150.897:022c:0240:trace:seh:NtGetContextThread 0xfffffffe: eax=0000009f ebx=00000000 ecx=00000000 edx=00000000 esi=09a4fdfc edi=000001ec
42150.897:022c:0240:trace:seh:NtGetContextThread 0xfffffffe: ebp=09a4fda8 esp=09a4fd3c eip=7bc0ba0c cs=0023 ss=002b flags=00000246
42150.897:022c:0240:trace:seh:NtGetContextThread 0xfffffffe: ds=002b es=002b fs=0063 gs=006b
42150.897:0144:01a0:trace:seh:NtGetContextThread 0xfffffffe: eax=0000009f ebx=00000000 ecx=00000000 edx=00000000 esi=12b1fde0 edi=00000298
42150.897:0144:01a0:trace:seh:NtGetContextThread 0xfffffffe: ebp=12b1fd98 esp=12b1fd2c eip=7bc0ba0c cs=0023 ss=002b flags=00000246
42150.897:0144:01a0:trace:seh:NtGetContextThread 0xfffffffe: ds=002b es=002b fs=0063 gs=006b
42150.897:022c:0240:trace:seh:NtGetContextThread 0xfffffffe: eax=0000009f ebx=00000000 ecx=00000000 edx=00000000 esi=09a4fdfc edi=000001ec
42150.897:022c:0240:trace:seh:NtGetContextThread 0xfffffffe: ebp=09a4fda8 esp=09a4fd3c eip=7bc0ba0c cs=0023 ss=002b flags=00000246
42150.897:022c:0240:trace:seh:NtGetContextThread 0xfffffffe: ds=002b es=002b fs=0063 gs=006b
42150.898:022c:0240:trace:seh:NtGetContextThread 0xfffffffe: eax=0000009f ebx=ffffffff ecx=00000000 edx=00000000 esi=09a4fdfc edi=000001ec
42150.898:022c:0240:trace:seh:NtGetContextThread 0xfffffffe: ebp=09a4fda8 esp=09a4fd3c eip=7bc0ba0c cs=0023 ss=002b flags=00000246
42150.898:022c:0240:trace:seh:NtGetContextThread 0xfffffffe: ds=002b es=002b fs=0063 gs=006b
42150.898:022c:0240:trace:seh:NtGetContextThread 0xfffffffe: eax=0000009f ebx=ffffffff ecx=00000000 edx=00000000 esi=09a4fdfc edi=000001ec
42150.898:022c:0240:trace:seh:NtGetContextThread 0xfffffffe: ebp=09a4fda8 esp=09a4fd3c eip=7bc0ba0c cs=0023 ss=002b flags=00000246
42150.898:022c:0240:trace:seh:NtGetContextThread 0xfffffffe: ds=002b es=002b fs=0063 gs=006b
42150.898:022c:0240:trace:seh:NtGetContextThread 0xfffffffe: eax=0000009f ebx=ffffffff ecx=00000000 edx=00000000 esi=09a4fdfc edi=000001ec
42150.898:022c:0240:trace:seh:NtGetContextThread 0xfffffffe: ebp=09a4fda8 esp=09a4fd3c eip=7bc0ba0c cs=0023 ss=002b flags=00000246
42150.898:022c:0240:trace:seh:NtGetContextThread 0xfffffffe: ds=002b es=002b fs=0063 gs=006b
42150.898:022c:0240:trace:seh:NtGetContextThread 0xfffffffe: eax=0000009f ebx=ffffffff ecx=00000000 edx=00000000 esi=09a4fdfc edi=000001ec
42150.898:022c:0240:trace:seh:NtGetContextThread 0xfffffffe: ebp=09a4fda8 esp=09a4fd3c eip=7bc0ba0c cs=0023 ss=002b flags=00000246
42150.898:022c:0240:trace:seh:NtGetContextThread 0xfffffffe: ds=002b es=002b fs=0063 gs=006b
42150.898:022c:0240:trace:seh:NtGetContextThread 0xfffffffe: eax=0000009f ebx=ffffffff ecx=00000000 edx=00000000 esi=09a4fdfc edi=000001ec
42150.898:022c:0240:trace:seh:NtGetContextThread 0xfffffffe: ebp=09a4fda8 esp=09a4fd3c eip=7bc0ba0c cs=0023 ss=002b flags=00000246
42150.898:022c:0240:trace:seh:NtGetContextThread 0xfffffffe: ds=002b es=002b fs=0063 gs=006b
42150.898:022c:0240:trace:seh:NtGetContextThread 0xfffffffe: eax=0000009f ebx=ffffffff ecx=00000000 edx=00000000 esi=09a4fdfc edi=000001ec
42150.898:022c:0240:trace:seh:NtGetContextThread 0xfffffffe: ebp=09a4fda8 esp=09a4fd3c eip=7bc0ba0c cs=0023 ss=002b flags=00000246
42150.899:022c:0240:trace:seh:NtGetContextThread 0xfffffffe: ds=002b es=002b fs=0063 gs=006b
42150.899:022c:0240:trace:seh:NtGetContextThread 0xfffffffe: eax=0000009f ebx=ffffffff ecx=00000000 edx=00000000 esi=09a4fdfc edi=000001ec
42150.899:022c:0240:trace:seh:NtGetContextThread 0xfffffffe: ebp=09a4fda8 esp=09a4fd3c eip=7bc0ba0c cs=0023 ss=002b flags=00000246
42150.899:022c:0240:trace:seh:NtGetContextThread 0xfffffffe: ds=002b es=002b fs=0063 gs=006b
42150.899:022c:0240:trace:seh:NtGetContextThread 0xfffffffe: eax=0000009f ebx=00000000 ecx=00000000 edx=00000000 esi=09a4fdfc edi=000001ec
42150.899:022c:0240:trace:seh:NtGetContextThread 0xfffffffe: ebp=09a4fda8 esp=09a4fd3c eip=7bc0ba0c cs=0023 ss=002b flags=00000246
42150.899:022c:0240:trace:seh:NtGetContextThread 0xfffffffe: ds=002b es=002b fs=0063 gs=006b
42150.899:0144:01a0:trace:seh:NtGetContextThread 0xfffffffe: eax=0000009f ebx=00000000 ecx=00000000 edx=00000000 esi=12b1fde0 edi=00000298
42150.899:0144:01a0:trace:seh:NtGetContextThread 0xfffffffe: ebp=12b1fd98 esp=12b1fd2c eip=7bc0ba0c cs=0023 ss=002b flags=00000246
42150.899:0144:01a0:trace:seh:NtGetContextThread 0xfffffffe: ds=002b es=002b fs=0063 gs=006b
42150.899:022c:0240:trace:seh:NtGetContextThread 0xfffffffe: eax=000000de ebx=09f20150 ecx=00000000 edx=00000000 esi=00000000 edi=00000058
42150.899:022c:0240:trace:seh:NtGetContextThread 0xfffffffe: ebp=09a4f938 esp=09a4f8cc eip=7bc0bdfc cs=0023 ss=002b flags=00000246
42150.899:022c:0240:trace:seh:NtGetContextThread 0xfffffffe: ds=002b es=002b fs=0063 gs=006b
42150.899:0144:01a0:trace:seh:NtGetContextThread 0xfffffffe: eax=0000009f ebx=00000000 ecx=00000000 edx=00000000 esi=12b1fde0 edi=00000298
42150.899:0144:01a0:trace:seh:NtGetContextThread 0xfffffffe: ebp=12b1fd98 esp=12b1fd2c eip=7bc0ba0c cs=0023 ss=002b flags=00000246
42150.899:0144:01a0:trace:seh:NtGetContextThread 0xfffffffe: ds=002b es=002b fs=0063 gs=006b
42150.899:022c:0240:trace:seh:NtGetContextThread 0xfffffffe: eax=0000009f ebx=00000000 ecx=00000000 edx=00000000 esi=09a4fdfc edi=000001ec
42150.899:022c:0240:trace:seh:NtGetContextThread 0xfffffffe: ebp=09a4fda8 esp=09a4fd3c eip=7bc0ba0c cs=0023 ss=002b flags=00000246
42150.899:022c:0240:trace:seh:NtGetContextThread 0xfffffffe: ds=002b es=002b fs=0063 gs=006b
2022-02-16 20:05:32.079 [Information][ (0)] [TID 328][red-launcher]: [JS] Online state has changed to Unknown
42150.969:022c:0240:trace:seh:NtGetContextThread 0xfffffffe: eax=0000009f ebx=00000000 ecx=00000000 edx=00000000 esi=09a4fdfc edi=000001ec
42150.969:022c:0240:trace:seh:NtGetContextThread 0xfffffffe: ebp=09a4fda8 esp=09a4fd3c eip=7bc0ba0c cs=0023 ss=002b flags=00000246
42150.969:022c:0240:trace:seh:NtGetContextThread 0xfffffffe: ds=002b es=002b fs=0063 gs=006b
42150.969:0144:0148:warn:seh:OutputDebugStringA "js: native signal \"applicationWindow.switchToInitialGameView\" doesn't exist.\n"
42150.969:0144:0148:trace:seh:dispatch_exception code=40010006 flags=0 addr=7B012B4F ip=7b012b4f tid=0148
42150.969:0144:0148:trace:seh:dispatch_exception  info[0]=0000004e
42150.969:0144:0148:trace:seh:dispatch_exception  info[1]=13716db0
42150.969:0144:0148:warn:seh:dispatch_exception "js: native signal \"applicationWindow.switchToInitialGameView\" doesn't exist.\n"
42150.969:0144:0148:trace:seh:call_vectored_handlers calling handler at 6252D540 code=40010006 flags=0
42150.969:0144:0148:trace:seh:call_vectored_handlers handler at 6252D540 returned 0
42150.969:0144:0148:trace:seh:call_vectored_handlers calling handler at 6A6460F0 code=40010006 flags=0
42150.969:0144:0148:trace:seh:call_vectored_handlers handler at 6A6460F0 returned 0
42150.969:0144:0148:trace:seh:call_vectored_handlers calling handler at 069BBCB0 code=40010006 flags=0
42150.969:0144:0148:trace:seh:call_vectored_handlers handler at 069BBCB0 returned 0
42150.969:0144:0148:trace:seh:call_stack_handlers calling handler at 7B082B10 code=40010006 flags=0
42150.969:0144:0148:trace:seh:__regs_RtlUnwind code=40010006 flags=2
42150.969:0144:0148:trace:seh:__regs_RtlUnwind eax=00000000 ebx=00000000 ecx=40010006 edx=00abbfa8 esi=00abbf58 edi=00abbfa8
42150.969:0144:0148:trace:seh:__regs_RtlUnwind ebp=00abba98 esp=00abba90 eip=7b082aa6 cs=0023 ds=002b fs=0063 gs=006b flags=00000206
42150.969:0144:0148:trace:seh:__regs_RtlUnwind calling handler at 7BC57360 code=40010006 flags=2
42150.969:0144:0148:trace:seh:__regs_RtlUnwind handler at 7BC57360 returned 1
42150.976:022c:0240:trace:seh:NtGetContextThread 0xfffffffe: eax=0000009f ebx=00000000 ecx=00000000 edx=00000000 esi=09a4fdfc edi=000001ec
42150.976:022c:0240:trace:seh:NtGetContextThread 0xfffffffe: ebp=09a4fda8 esp=09a4fd3c eip=7bc0ba0c cs=0023 ss=002b flags=00000246
42150.976:022c:0240:trace:seh:NtGetContextThread 0xfffffffe: ds=002b es=002b fs=0063 gs=006b
42150.976:0144:01a0:trace:seh:NtGetContextThread 0xfffffffe: eax=0000009f ebx=00000000 ecx=00000000 edx=00000000 esi=12b1fde0 edi=00000298
42150.976:0144:01a0:trace:seh:NtGetContextThread 0xfffffffe: ebp=12b1fd98 esp=12b1fd2c eip=7bc0ba0c cs=0023 ss=002b flags=00000246
42150.976:0144:01a0:trace:seh:NtGetContextThread 0xfffffffe: ds=002b es=002b fs=0063 gs=006b
42150.976:022c:0240:trace:seh:NtGetContextThread 0xfffffffe: eax=0000009f ebx=00000000 ecx=00000000 edx=00000000 esi=09a4fdfc edi=000001ec
42150.976:022c:0240:trace:seh:NtGetContextThread 0xfffffffe: ebp=09a4fda8 esp=09a4fd3c eip=7bc0ba0c cs=0023 ss=002b flags=00000246
42150.976:022c:0240:trace:seh:NtGetContextThread 0xfffffffe: ds=002b es=002b fs=0063 gs=006b
42150.977:0144:01a0:trace:seh:NtGetContextThread 0xfffffffe: eax=0000009f ebx=00002558 ecx=00000000 edx=00000000 esi=12b1fde0 edi=00000298
42150.977:0144:01a0:trace:seh:NtGetContextThread 0xfffffffe: ebp=12b1fd98 esp=12b1fd2c eip=7bc0ba0c cs=0023 ss=002b flags=00000297
42150.977:0144:01a0:trace:seh:NtGetContextThread 0xfffffffe: ds=002b es=002b fs=0063 gs=006b
42150.978:022c:0240:trace:seh:NtGetContextThread 0xfffffffe: eax=0000009f ebx=00000000 ecx=00000000 edx=00000000 esi=09a4fdfc edi=000001ec
42150.978:022c:0240:trace:seh:NtGetContextThread 0xfffffffe: ebp=09a4fda8 esp=09a4fd3c eip=7bc0ba0c cs=0023 ss=002b flags=00000246
42150.978:022c:0240:trace:seh:NtGetContextThread 0xfffffffe: ds=002b es=002b fs=0063 gs=006b
42150.978:022c:0240:trace:seh:NtGetContextThread 0xfffffffe: eax=0000009f ebx=00000000 ecx=00000000 edx=00000000 esi=09a4fdfc edi=000001ec
42150.978:022c:0240:trace:seh:NtGetContextThread 0xfffffffe: ebp=09a4fda8 esp=09a4fd3c eip=7bc0ba0c cs=0023 ss=002b flags=00000246
42150.978:022c:0240:trace:seh:NtGetContextThread 0xfffffffe: ds=002b es=002b fs=0063 gs=006b
42150.978:0144:01a0:trace:seh:NtGetContextThread 0xfffffffe: eax=0000009f ebx=00002558 ecx=00000000 edx=00000000 esi=12b1fde0 edi=00000298
42150.978:0144:01a0:trace:seh:NtGetContextThread 0xfffffffe: ebp=12b1fd98 esp=12b1fd2c eip=7bc0ba0c cs=0023 ss=002b flags=00000297
42150.978:0144:01a0:trace:seh:NtGetContextThread 0xfffffffe: ds=002b es=002b fs=0063 gs=006b
42150.978:022c:0240:trace:seh:NtGetContextThread 0xfffffffe: eax=0000009f ebx=00000000 ecx=00000000 edx=00000000 esi=09a4fdfc edi=000001ec
42150.978:022c:0240:trace:seh:NtGetContextThread 0xfffffffe: ebp=09a4fda8 esp=09a4fd3c eip=7bc0ba0c cs=0023 ss=002b flags=00000246
42150.978:022c:0240:trace:seh:NtGetContextThread 0xfffffffe: ds=002b es=002b fs=0063 gs=006b
42150.978:0144:01a0:trace:seh:NtGetContextThread 0xfffffffe: eax=0000009f ebx=00002557 ecx=00000000 edx=00000000 esi=12b1fde0 edi=00000298
42150.978:0144:01a0:trace:seh:NtGetContextThread 0xfffffffe: ebp=12b1fd98 esp=12b1fd2c eip=7bc0ba0c cs=0023 ss=002b flags=00000297
42150.978:0144:01a0:trace:seh:NtGetContextThread 0xfffffffe: ds=002b es=002b fs=0063 gs=006b
42150.978:022c:0240:trace:seh:NtGetContextThread 0xfffffffe: eax=0000009f ebx=ffffffff ecx=00000000 edx=00000000 esi=09a4fdfc edi=000001ec
42150.978:022c:0240:trace:seh:NtGetContextThread 0xfffffffe: ebp=09a4fda8 esp=09a4fd3c eip=7bc0ba0c cs=0023 ss=002b flags=00000246
42150.978:022c:0240:trace:seh:NtGetContextThread 0xfffffffe: ds=002b es=002b fs=0063 gs=006b
42150.978:0144:01a0:trace:seh:NtGetContextThread 0xfffffffe: eax=0000009f ebx=00002557 ecx=00000000 edx=00000000 esi=12b1fde0 edi=00000298
42150.978:0144:01a0:trace:seh:NtGetContextThread 0xfffffffe: ebp=12b1fd98 esp=12b1fd2c eip=7bc0ba0c cs=0023 ss=002b flags=00000297
42150.978:0144:01a0:trace:seh:NtGetContextThread 0xfffffffe: ds=002b es=002b fs=0063 gs=006b
42150.979:022c:0240:trace:seh:NtGetContextThread 0xfffffffe: eax=0000009f ebx=00000000 ecx=00000000 edx=00000000 esi=09a4fdfc edi=000001ec
42150.979:022c:0240:trace:seh:NtGetContextThread 0xfffffffe: ebp=09a4fda8 esp=09a4fd3c eip=7bc0ba0c cs=0023 ss=002b flags=00000246
42150.979:022c:0240:trace:seh:NtGetContextThread 0xfffffffe: ds=002b es=002b fs=0063 gs=006b
42150.979:0144:01a0:trace:seh:NtGetContextThread 0xfffffffe: eax=0000009f ebx=00002556 ecx=00000000 edx=00000000 esi=12b1fde0 edi=00000298
42150.979:0144:01a0:trace:seh:NtGetContextThread 0xfffffffe: ebp=12b1fd98 esp=12b1fd2c eip=7bc0ba0c cs=0023 ss=002b flags=00000297
42150.979:0144:01a0:trace:seh:NtGetContextThread 0xfffffffe: ds=002b es=002b fs=0063 gs=006b
42150.979:0144:01a0:trace:seh:NtGetContextThread 0xfffffffe: eax=0000009f ebx=00000000 ecx=00000000 edx=00000000 esi=12b1fde0 edi=00000298
42150.979:0144:01a0:trace:seh:NtGetContextThread 0xfffffffe: ebp=12b1fd98 esp=12b1fd2c eip=7bc0ba0c cs=0023 ss=002b flags=00000246
42150.979:0144:01a0:trace:seh:NtGetContextThread 0xfffffffe: ds=002b es=002b fs=0063 gs=006b
42150.979:0144:01a0:trace:seh:NtGetContextThread 0xfffffffe: eax=0000009f ebx=00002556 ecx=00000000 edx=00000000 esi=12b1fde0 edi=00000298
42150.979:0144:01a0:trace:seh:NtGetContextThread 0xfffffffe: ebp=12b1fd98 esp=12b1fd2c eip=7bc0ba0c cs=0023 ss=002b flags=00000297
42150.979:0144:01a0:trace:seh:NtGetContextThread 0xfffffffe: ds=002b es=002b fs=0063 gs=006b
42150.979:022c:0240:trace:seh:NtGetContextThread 0xfffffffe: eax=0000009f ebx=ffffffff ecx=00000000 edx=00000000 esi=09a4fdfc edi=000001ec
42150.979:022c:0240:trace:seh:NtGetContextThread 0xfffffffe: ebp=09a4fda8 esp=09a4fd3c eip=7bc0ba0c cs=0023 ss=002b flags=00000246
42150.979:022c:0240:trace:seh:NtGetContextThread 0xfffffffe: ds=002b es=002b fs=0063 gs=006b
42150.979:0144:01a0:trace:seh:NtGetContextThread 0xfffffffe: eax=0000009f ebx=00000000 ecx=00000000 edx=00000000 esi=12b1fde0 edi=00000298
42150.979:0144:01a0:trace:seh:NtGetContextThread 0xfffffffe: ebp=12b1fd98 esp=12b1fd2c eip=7bc0ba0c cs=0023 ss=002b flags=00000246
42150.979:0144:01a0:trace:seh:NtGetContextThread 0xfffffffe: ds=002b es=002b fs=0063 gs=006b
42150.979:022c:0240:trace:seh:NtGetContextThread 0xfffffffe: eax=0000009f ebx=ffffffff ecx=00000000 edx=00000000 esi=09a4fdfc edi=000001ec
42150.979:022c:0240:trace:seh:NtGetContextThread 0xfffffffe: ebp=09a4fda8 esp=09a4fd3c eip=7bc0ba0c cs=0023 ss=002b flags=00000246
42150.979:022c:0240:trace:seh:NtGetContextThread 0xfffffffe: ds=002b es=002b fs=0063 gs=006b
42150.979:0144:01a0:trace:seh:NtGetContextThread 0xfffffffe: eax=0000009f ebx=00002556 ecx=00000000 edx=00000000 esi=12b1fde0 edi=00000298
42150.979:0144:01a0:trace:seh:NtGetContextThread 0xfffffffe: ebp=12b1fd98 esp=12b1fd2c eip=7bc0ba0c cs=0023 ss=002b flags=00000297
42150.979:0144:01a0:trace:seh:NtGetContextThread 0xfffffffe: ds=002b es=002b fs=0063 gs=006b
42150.980:022c:0240:trace:seh:NtGetContextThread 0xfffffffe: eax=000000de ebx=09f20150 ecx=00000000 edx=00000000 esi=00000000 edi=00000058
42150.980:022c:0240:trace:seh:NtGetContextThread 0xfffffffe: ebp=09a4fd68 esp=09a4fcfc eip=7bc0bdfc cs=0023 ss=002b flags=00000246
42150.980:022c:0240:trace:seh:NtGetContextThread 0xfffffffe: ds=002b es=002b fs=0063 gs=006b
42150.996:022c:0240:trace:seh:NtGetContextThread 0xfffffffe: eax=0000009f ebx=00000000 ecx=00000000 edx=00000000 esi=09a4fdfc edi=000001ec
42150.996:022c:0240:trace:seh:NtGetContextThread 0xfffffffe: ebp=09a4fda8 esp=09a4fd3c eip=7bc0ba0c cs=0023 ss=002b flags=00000246
42150.996:022c:0240:trace:seh:NtGetContextThread 0xfffffffe: ds=002b es=002b fs=0063 gs=006b
42150.996:0144:01a0:trace:seh:NtGetContextThread 0xfffffffe: eax=0000009f ebx=00002546 ecx=00000000 edx=00000000 esi=12b1fde0 edi=00000298
42150.996:0144:01a0:trace:seh:NtGetContextThread 0xfffffffe: ebp=12b1fd98 esp=12b1fd2c eip=7bc0ba0c cs=0023 ss=002b flags=00000297
42150.996:0144:01a0:trace:seh:NtGetContextThread 0xfffffffe: ds=002b es=002b fs=0063 gs=006b
42150.996:0144:01a0:trace:seh:NtGetContextThread 0xfffffffe: eax=000000de ebx=12c02b50 ecx=00000000 edx=00000000 esi=00000000 edi=00000574
42150.996:022c:0240:trace:seh:NtGetContextThread 0xfffffffe: eax=0000009f ebx=00000000 ecx=00000000 edx=00000000 esi=09a4fdfc edi=000001ec
42150.996:0144:01a0:trace:seh:NtGetContextThread 0xfffffffe: ebp=12b1fd48 esp=12b1fcdc eip=7bc0bdfc cs=0023 ss=002b flags=00000246
42150.996:022c:0240:trace:seh:NtGetContextThread 0xfffffffe: ebp=09a4fda8 esp=09a4fd3c eip=7bc0ba0c cs=0023 ss=002b flags=00000246
42150.996:0144:01a0:trace:seh:NtGetContextThread 0xfffffffe: ds=002b es=002b fs=0063 gs=006b
42150.996:022c:0240:trace:seh:NtGetContextThread 0xfffffffe: ds=002b es=002b fs=0063 gs=006b
42150.996:022c:0240:trace:seh:NtGetContextThread 0xfffffffe: eax=0000009f ebx=00000000 ecx=00000000 edx=00000000 esi=09a4fdfc edi=000001ec
42150.996:022c:0240:trace:seh:NtGetContextThread 0xfffffffe: ebp=09a4fda8 esp=09a4fd3c eip=7bc0ba0c cs=0023 ss=002b flags=00000246
42150.996:022c:0240:trace:seh:NtGetContextThread 0xfffffffe: ds=002b es=002b fs=0063 gs=006b
42150.996:0144:01bc:fixme:file:ReplaceFileW Ignoring flags 2
42150.996:022c:0240:trace:seh:NtGetContextThread 0xfffffffe: eax=0000009f ebx=00000000 ecx=00000000 edx=00000000 esi=09a4fdfc edi=000001ec
42150.996:022c:0240:trace:seh:NtGetContextThread 0xfffffffe: ebp=09a4fda8 esp=09a4fd3c eip=7bc0ba0c cs=0023 ss=002b flags=00000246
42150.996:022c:0240:trace:seh:NtGetContextThread 0xfffffffe: ds=002b es=002b fs=0063 gs=006b
42151.004:022c:0240:trace:seh:NtGetContextThread 0xfffffffe: eax=0000009f ebx=00000000 ecx=00000000 edx=00000000 esi=09a4fdfc edi=000001ec
42151.004:022c:0240:trace:seh:NtGetContextThread 0xfffffffe: ebp=09a4fda8 esp=09a4fd3c eip=7bc0ba0c cs=0023 ss=002b flags=00000246
42151.004:022c:0240:trace:seh:NtGetContextThread 0xfffffffe: ds=002b es=002b fs=0063 gs=006b
42151.004:0144:01a0:trace:seh:NtGetContextThread 0xfffffffe: eax=0000009f ebx=00000000 ecx=00000000 edx=00000000 esi=12b1fde0 edi=00000298
42151.004:0144:01a0:trace:seh:NtGetContextThread 0xfffffffe: ebp=12b1fd98 esp=12b1fd2c eip=7bc0ba0c cs=0023 ss=002b flags=00000246
42151.004:0144:01a0:trace:seh:NtGetContextThread 0xfffffffe: ds=002b es=002b fs=0063 gs=006b
42151.008:022c:0240:trace:seh:NtGetContextThread 0xfffffffe: eax=0000009f ebx=00000000 ecx=00000000 edx=00000000 esi=09a4fdfc edi=000001ec
42151.008:022c:0240:trace:seh:NtGetContextThread 0xfffffffe: ebp=09a4fda8 esp=09a4fd3c eip=7bc0ba0c cs=0023 ss=002b flags=00000246
42151.008:022c:0240:trace:seh:NtGetContextThread 0xfffffffe: ds=002b es=002b fs=0063 gs=006b
42151.020:022c:0240:trace:seh:NtGetContextThread 0xfffffffe: eax=000000de ebx=09f20150 ecx=00000000 edx=00000000 esi=00000000 edi=00000058
42151.020:022c:0240:trace:seh:NtGetContextThread 0xfffffffe: ebp=09a4f938 esp=09a4f8cc eip=7bc0bdfc cs=0023 ss=002b flags=00000246
42151.020:022c:0240:trace:seh:NtGetContextThread 0xfffffffe: ds=002b es=002b fs=0063 gs=006b
42151.020:0144:01a0:trace:seh:NtGetContextThread 0xfffffffe: eax=0000009f ebx=00000000 ecx=00000000 edx=00000000 esi=12b1fde0 edi=00000298
42151.020:0144:01a0:trace:seh:NtGetContextThread 0xfffffffe: ebp=12b1fd98 esp=12b1fd2c eip=7bc0ba0c cs=0023 ss=002b flags=00000246
42151.020:0144:01a0:trace:seh:NtGetContextThread 0xfffffffe: ds=002b es=002b fs=0063 gs=006b
42151.020:022c:0240:trace:seh:NtGetContextThread 0xfffffffe: eax=000000de ebx=09f20150 ecx=00000000 edx=00000000 esi=00000000 edi=00000058
42151.020:022c:0240:trace:seh:NtGetContextThread 0xfffffffe: ebp=09a4fd68 esp=09a4fcfc eip=7bc0bdfc cs=0023 ss=002b flags=00000246
42151.020:022c:0240:trace:seh:NtGetContextThread 0xfffffffe: ds=002b es=002b fs=0063 gs=006b
42151.020:022c:0240:trace:seh:NtGetContextThread 0xfffffffe: eax=000000de ebx=09f20150 ecx=00000000 edx=00000000 esi=00000000 edi=00000058
42151.020:022c:0240:trace:seh:NtGetContextThread 0xfffffffe: ebp=09a4fd68 esp=09a4fcfc eip=7bc0bdfc cs=0023 ss=002b flags=00000246
42151.020:022c:0240:trace:seh:NtGetContextThread 0xfffffffe: ds=002b es=002b fs=0063 gs=006b
42151.020:022c:0240:trace:seh:NtGetContextThread 0xfffffffe: eax=0000009f ebx=00000000 ecx=00000000 edx=00000000 esi=09a4fdfc edi=000001ec
42151.020:022c:0240:trace:seh:NtGetContextThread 0xfffffffe: ebp=09a4fda8 esp=09a4fd3c eip=7bc0ba0c cs=0023 ss=002b flags=00000246
42151.020:022c:0240:trace:seh:NtGetContextThread 0xfffffffe: ds=002b es=002b fs=0063 gs=006b
42151.020:022c:0240:trace:seh:NtGetContextThread 0xfffffffe: eax=0000009f ebx=00000000 ecx=00000000 edx=00000000 esi=09a4fdfc edi=000001ec
42151.020:022c:0240:trace:seh:NtGetContextThread 0xfffffffe: ebp=09a4fda8 esp=09a4fd3c eip=7bc0ba0c cs=0023 ss=002b flags=00000246
42151.020:022c:0240:trace:seh:NtGetContextThread 0xfffffffe: ds=002b es=002b fs=0063 gs=006b
2022-02-16 20:05:32.131 [Information][ (0)] [TID 328][red-launcher]: [JS] App has been resized
42151.021:022c:0240:trace:seh:NtGetContextThread 0xfffffffe: eax=0000009f ebx=00000000 ecx=00000000 edx=00000000 esi=09a4fdfc edi=000001ec
42151.021:022c:0240:trace:seh:NtGetContextThread 0xfffffffe: ebp=09a4fda8 esp=09a4fd3c eip=7bc0ba0c cs=0023 ss=002b flags=00000246
42151.021:022c:0240:trace:seh:NtGetContextThread 0xfffffffe: ds=002b es=002b fs=0063 gs=006b
2022-02-16 20:05:32.131 [Information][ (0)] [TID 328][red-launcher]: Frontend loaded successfully.
42151.022:0144:0148:trace:loaddll:build_module Loaded L"C:\\windows\\system32\\rsaenh.dll" at 6FE40000: builtin
42151.022:0144:0148:trace:loaddll:free_modref Unloaded module L"C:\\windows\\system32\\rsaenh.dll" : builtin
42151.022:022c:0240:trace:seh:NtGetContextThread 0xfffffffe: eax=0000009f ebx=00000000 ecx=00000000 edx=00000000 esi=09a4fdfc edi=000001ec
42151.022:022c:0240:trace:seh:NtGetContextThread 0xfffffffe: ebp=09a4fda8 esp=09a4fd3c eip=7bc0ba0c cs=0023 ss=002b flags=00000246
42151.022:022c:0240:trace:seh:NtGetContextThread 0xfffffffe: ds=002b es=002b fs=0063 gs=006b
42151.022:022c:0240:trace:seh:NtGetContextThread 0xfffffffe: eax=0000009f ebx=ffffffff ecx=00000000 edx=00000000 esi=09a4fdfc edi=000001ec
42151.022:022c:0240:trace:seh:NtGetContextThread 0xfffffffe: ebp=09a4fda8 esp=09a4fd3c eip=7bc0ba0c cs=0023 ss=002b flags=00000246
42151.022:022c:0240:trace:seh:NtGetContextThread 0xfffffffe: ds=002b es=002b fs=0063 gs=006b
42151.022:022c:0240:trace:seh:NtGetContextThread 0xfffffffe: eax=0000009f ebx=ffffffff ecx=00000000 edx=00000000 esi=09a4fdfc edi=000001ec
42151.022:022c:0240:trace:seh:NtGetContextThread 0xfffffffe: ebp=09a4fda8 esp=09a4fd3c eip=7bc0ba0c cs=0023 ss=002b flags=00000246
42151.022:022c:0240:trace:seh:NtGetContextThread 0xfffffffe: ds=002b es=002b fs=0063 gs=006b
42151.027:022c:0240:trace:seh:NtGetContextThread 0xfffffffe: eax=0000009f ebx=00000000 ecx=00000000 edx=00000000 esi=09a4fdfc edi=000001ec
42151.027:022c:0240:trace:seh:NtGetContextThread 0xfffffffe: ebp=09a4fda8 esp=09a4fd3c eip=7bc0ba0c cs=0023 ss=002b flags=00000246
42151.027:022c:0240:trace:seh:NtGetContextThread 0xfffffffe: ds=002b es=002b fs=0063 gs=006b
42151.027:0144:01a0:trace:seh:NtGetContextThread 0xfffffffe: eax=000000de ebx=12c02b50 ecx=00000000 edx=00000000 esi=00000000 edi=00000574
42151.027:0144:01a0:trace:seh:NtGetContextThread 0xfffffffe: ebp=12b1fd48 esp=12b1fcdc eip=7bc0bdfc cs=0023 ss=002b flags=00000246
42151.027:0144:01a0:trace:seh:NtGetContextThread 0xfffffffe: ds=002b es=002b fs=0063 gs=006b
42151.027:022c:0240:trace:seh:NtGetContextThread 0xfffffffe: eax=0000009f ebx=00000000 ecx=00000000 edx=00000000 esi=09a4fdfc edi=000001ec
42151.027:022c:0240:trace:seh:NtGetContextThread 0xfffffffe: ebp=09a4fda8 esp=09a4fd3c eip=7bc0ba0c cs=0023 ss=002b flags=00000246
42151.027:022c:0240:trace:seh:NtGetContextThread 0xfffffffe: ds=002b es=002b fs=0063 gs=006b
42151.027:022c:0240:trace:seh:NtGetContextThread 0xfffffffe: eax=0000009f ebx=00000000 ecx=00000000 edx=00000000 esi=09a4fdfc edi=000001ec
42151.027:022c:0240:trace:seh:NtGetContextThread 0xfffffffe: ebp=09a4fda8 esp=09a4fd3c eip=7bc0ba0c cs=0023 ss=002b flags=00000246
42151.027:022c:0240:trace:seh:NtGetContextThread 0xfffffffe: ds=002b es=002b fs=0063 gs=006b
42151.027:0144:01a0:trace:seh:NtGetContextThread 0xfffffffe: eax=0000009f ebx=00000000 ecx=00000000 edx=00000000 esi=12b1fde0 edi=00000298
42151.027:0144:01a0:trace:seh:NtGetContextThread 0xfffffffe: ebp=12b1fd98 esp=12b1fd2c eip=7bc0ba0c cs=0023 ss=002b flags=00000246
42151.027:0144:01a0:trace:seh:NtGetContextThread 0xfffffffe: ds=002b es=002b fs=0063 gs=006b
42151.031:022c:0240:trace:seh:NtGetContextThread 0xfffffffe: eax=0000009f ebx=00000000 ecx=00000000 edx=00000000 esi=09a4fdfc edi=000001ec
42151.031:022c:0240:trace:seh:NtGetContextThread 0xfffffffe: ebp=09a4fda8 esp=09a4fd3c eip=7bc0ba0c cs=0023 ss=002b flags=00000246
42151.031:022c:0240:trace:seh:NtGetContextThread 0xfffffffe: ds=002b es=002b fs=0063 gs=006b
42151.031:0144:01a0:trace:seh:NtGetContextThread 0xfffffffe: eax=000000de ebx=12c02b50 ecx=00000000 edx=00000000 esi=00000000 edi=00000574
42151.031:0144:01a0:trace:seh:NtGetContextThread 0xfffffffe: ebp=12b1fd48 esp=12b1fcdc eip=7bc0bdfc cs=0023 ss=002b flags=00000246
42151.031:0144:01a0:trace:seh:NtGetContextThread 0xfffffffe: ds=002b es=002b fs=0063 gs=006b
42151.031:022c:0240:trace:seh:NtGetContextThread 0xfffffffe: eax=0000009f ebx=ffffffff ecx=00000000 edx=00000000 esi=09a4fdfc edi=000001ec
42151.031:022c:0240:trace:seh:NtGetContextThread 0xfffffffe: ebp=09a4fda8 esp=09a4fd3c eip=7bc0ba0c cs=0023 ss=002b flags=00000246
42151.031:022c:0240:trace:seh:NtGetContextThread 0xfffffffe: ds=002b es=002b fs=0063 gs=006b
42151.032:0144:01a0:trace:seh:NtGetContextThread 0xfffffffe: eax=0000009f ebx=00000000 ecx=00000000 edx=00000000 esi=12b1fde0 edi=00000298
42151.032:0144:01a0:trace:seh:NtGetContextThread 0xfffffffe: ebp=12b1fd98 esp=12b1fd2c eip=7bc0ba0c cs=0023 ss=002b flags=00000246
42151.032:0144:01a0:trace:seh:NtGetContextThread 0xfffffffe: ds=002b es=002b fs=0063 gs=006b
42151.032:022c:0240:trace:seh:NtGetContextThread 0xfffffffe: eax=0000009f ebx=ffffffff ecx=00000000 edx=00000000 esi=09a4fdfc edi=000001ec
42151.032:022c:0240:trace:seh:NtGetContextThread 0xfffffffe: ebp=09a4fda8 esp=09a4fd3c eip=7bc0ba0c cs=0023 ss=002b flags=00000246
42151.032:022c:0240:trace:seh:NtGetContextThread 0xfffffffe: ds=002b es=002b fs=0063 gs=006b
42151.032:0144:01a0:trace:seh:NtGetContextThread 0xfffffffe: eax=0000009f ebx=00002521 ecx=00000000 edx=00000000 esi=12b1fde0 edi=00000298
42151.032:0144:01a0:trace:seh:NtGetContextThread 0xfffffffe: ebp=12b1fd98 esp=12b1fd2c eip=7bc0ba0c cs=0023 ss=002b flags=00000297
42151.032:0144:01a0:trace:seh:NtGetContextThread 0xfffffffe: ds=002b es=002b fs=0063 gs=006b
42151.035:022c:0240:trace:seh:NtGetContextThread 0xfffffffe: eax=0000009f ebx=00000000 ecx=00000000 edx=00000000 esi=09a4fdfc edi=000001ec
42151.035:022c:0240:trace:seh:NtGetContextThread 0xfffffffe: ebp=09a4fda8 esp=09a4fd3c eip=7bc0ba0c cs=0023 ss=002b flags=00000246
42151.035:022c:0240:trace:seh:NtGetContextThread 0xfffffffe: ds=002b es=002b fs=0063 gs=006b
42151.035:0144:01a0:trace:seh:NtGetContextThread 0xfffffffe: eax=000000de ebx=12c02b50 ecx=00000000 edx=00000000 esi=00000000 edi=00000574
42151.035:0144:01a0:trace:seh:NtGetContextThread 0xfffffffe: ebp=12b1fd48 esp=12b1fcdc eip=7bc0bdfc cs=0023 ss=002b flags=00000246
